{"props": {"children": [{"props": {"children": [{"props": {"children": "Cost Abroad"}, "type": "H1", "namespace": "dash_html_components"}], "style": {"textAlign": "center", "margin-top": 20}}, "type": "Div", "namespace": "dash_html_components"}, {"props": {"children": "Select a category then hover over countries to see how their prices compare to the EU average.", "style": {"textAlign": "center"}}, "type": "Div", "namespace": "dash_html_components"}, {"props": {"children": "The average price across all EU member states is equivalent to 100.", "style": {"textAlign": "center"}}, "type": "Div", "namespace": "dash_html_components"}, {"props": {"children": [{"props": {"children": {"props": {"id": "value-selected", "options": [{"label": "Overall", "value": "overall"}, {"label": "Food", "value": "food"}, {"label": "Alcohol", "value": "alcohol"}, {"label": "Transport", "value": "transport"}, {"label": "Recreation", "value": "recreation"}, {"label": "Restaurants & Hotels", "value": "restaurant_hotel"}], "value": "overall", "style": {"textAlign": "center", "width": "auto", "margin-top": 10}, "inputStyle": {"margin-left": "10px", "margin-right": "3px"}, "labelStyle": {"display": "inline-block", "margin-bottom": "0px"}}, "type": "RadioItems", "namespace": "dash_core_components"}}, "type": "H6", "namespace": "dash_html_components"}], "style": {"display": "flex", "justify-content": "center"}}, "type": "Div", "namespace": "dash_html_components"}, {"props": {"children": {"props": {"id": "my-graph", "style": {"max-width": 650, "margin-left": "auto", "padding-left": 44, "margin-right": "auto"}}, "type": "Graph", "namespace": "dash_core_components"}}, "type": "Div", "namespace": "dash_html_components"}, {"props": {"children": {"props": {"children": [{"props": {"children": null, "style": {"filter": "grayscale(100%) brightness(130%)", "border-radius": 0}, "src": "https://raw.githubusercontent.com/jonboland/cost-abroad/master/euromapblur.png"}, "type": "CardImg", "namespace": "dash_bootstrap_components"}, {"props": {"children": [{"props": {"children": "About Cost Abroad", "className": "card-title"}, "type": "H4", "namespace": "dash_html_components"}, {"props": {"children": "Cost Abroad is a tool for visualising information about the relative day-to-day costs of visiting different countries in Europe.", "className": "card-text"}, "type": "P", "namespace": "dash_html_components"}, {"props": {"children": "Read More", "id": "open", "className": "mr-1", "style": {"margin": "auto", "width": "100%"}, "color": "primary", "outline": true}, "type": "Button", "namespace": "dash_bootstrap_components"}, {"props": {"children": [{"props": {"children": "About Cost Abroad"}, "type": "ModalHeader", "namespace": "dash_bootstrap_components"}, {"props": {"children": [{"props": {"children": "Cost Abroad is a tool for visualising information about the relative day-to-day costs of visiting different countries in Europe.", "className": "card-text"}, "type": "P", "namespace": "dash_html_components"}, {"props": {"children": "There are wide variations in the cost of food, accommodation and transport etc. between European countries, so being able to get a simple overview of these differences in map form can help with planning trips and budgeting when travelling on holiday or business.", "className": "card-text"}, "type": "P", "namespace": "dash_html_components"}, {"props": {"children": "Data is drawn from eurostat's price level indices (PLIs), which are based on a country's purchasing power parity divided by its current nominal exchange rate. PLIs are not intended to rank countries strictly, but provide a good indication of the order of magnitude of the price level in one country in relation to others.", "className": "card-text"}, "type": "P", "namespace": "dash_html_components"}, {"props": {"children": "You can read more about these statistics here: ", "className": "card-text"}, "type": "P", "namespace": "dash_html_components"}, {"props": {"children": "Price Level Indices", "href": "https://ec.europa.eu/eurostat/statistics-explained/index.php?title=Glossary:Price_level_index_(PLI)"}, "type": "CardLink", "namespace": "dash_bootstrap_components"}]}, "type": "ModalBody", "namespace": "dash_bootstrap_components"}, {"props": {"children": {"props": {"children": "Close", "id": "close", "className": "ml-auto"}, "type": "Button", "namespace": "dash_bootstrap_components"}}, "type": "ModalFooter", "namespace": "dash_bootstrap_components"}], "id": "modal"}, "type": "Modal", "namespace": "dash_bootstrap_components"}]}, "type": "CardBody", "namespace": "dash_bootstrap_components"}], "style": {"max-width": 567, "margin-top": 0, "margin-left": "auto", "margin-right": "auto", "border-radius": 0}}, "type": "Card", "namespace": "dash_bootstrap_components"}}, "type": "Div", "namespace": "dash_html_components"}, {"props": {"children": {"props": {"children": [{"props": {"children": [{"props": {"children": "Issues and Ideas", "className": "card-title"}, "type": "H4", "namespace": "dash_html_components"}, {"props": {"children": "Do you have an issue to raise or an ideas you would like to share?", "className": "card-text"}, "type": "P", "namespace": "dash_html_components"}, {"props": {"children": "Discover How", "id": "opentwo", "className": "mr-1", "style": {"margin": "auto", "width": "100%"}, "color": "secondary"}, "type": "Button", "namespace": "dash_bootstrap_components"}, {"props": {"children": [{"props": {"children": "Issues and Ideas"}, "type": "ModalHeader", "namespace": "dash_bootstrap_components"}, {"props": {"children": [{"props": {"children": "Comments regarding any problems you have encountered while using Cost Abroad, and ideas about how it could be enhanced, are welcome.", "className": "card-text"}, "type": "P", "namespace": "dash_html_components"}, {"props": {"children": "To share these please either open an issue or submit a pull request via the project's GitHub repository:", "className": "card-text"}, "type": "P", "namespace": "dash_html_components"}, {"props": {"children": "Cost Abroad Repo", "href": "https://github.com/jonboland/cost-abroad"}, "type": "CardLink", "namespace": "dash_bootstrap_components"}]}, "type": "ModalBody", "namespace": "dash_bootstrap_components"}, {"props": {"children": {"props": {"children": "Close", "id": "closetwo", "className": "ml-auto"}, "type": "Button", "namespace": "dash_bootstrap_components"}}, "type": "ModalFooter", "namespace": "dash_bootstrap_components"}], "id": "modaltwo"}, "type": "Modal", "namespace": "dash_bootstrap_components"}]}, "type": "CardBody", "namespace": "dash_bootstrap_components"}], "style": {"max-width": 567, "margin-top": 40, "margin-bottom": 30, "margin-left": "auto", "padding-left": 0, "margin-right": "auto", "border-radius": 0}, "color": "light"}, "type": "Card", "namespace": "dash_bootstrap_components"}}, "type": "Div", "namespace": "dash_html_components"}, {"props": {"children": "\u00a9 Jon Boland 2020", "style": {"max-width": 567, "margin-left": "auto", "margin-right": "auto", "padding-left": 18, "color": "#808080"}}, "type": "P", "namespace": "dash_html_components"}]}, "type": "Div", "namespace": "dash_html_components"}