{"props": {"children": [{"props": {"children": [{"props": {"children": "Cost Abroad"}, "type": "H1", "namespace": "dash_html_components"}], "style": {"textAlign": "center", "padding-bottom": 0}}, "type": "Div", "namespace": "dash_html_components"}, {"props": {"children": "Select a category and hover over countries to see how their prices compare to the EU average.", "style": {"textAlign": "center"}}, "type": "Div", "namespace": "dash_html_components"}, {"props": {"children": "The averge price across all EU member states is equivalent to 100.", "style": {"textAlign": "center"}}, "type": "Div", "namespace": "dash_html_components"}, {"props": {"children": [{"props": {"children": {"props": {"id": "value-selected", "options": [{"label": "Overall", "value": "overall"}, {"label": "Food", "value": "food"}, {"label": "Alcohol", "value": "alcohol"}, {"label": "Transport", "value": "transport"}, {"label": "Recreation", "value": "recreation"}, {"label": "Restaurants & Hotels", "value": "restaurant_hotel"}], "value": "overall", "style": {"display": "block", "margin-left": 140, "margin-right": "auto", "width": "70%"}, "className": "six columns", "labelStyle": {"display": "inline-block"}}, "type": "RadioItems", "namespace": "dash_core_components"}}, "type": "H6", "namespace": "dash_html_components"}], "className": "row"}, "type": "Div", "namespace": "dash_html_components"}, {"props": {"id": "my-graph"}, "type": "Graph", "namespace": "dash_core_components"}], "id": "test-id", "className": "container"}, "type": "Div", "namespace": "dash_html_components"}