{"props": {"children": [{"props": {"children": [{"props": {"children": "Cost Abroad"}, "type": "H1", "namespace": "dash_html_components"}], "style": {"textAlign": "center"}}, "type": "Div", "namespace": "dash_html_components"}, {"props": {"children": "Select a category and hover over countries to see how their prices compare to the EU average.", "style": {"textAlign": "center"}}, "type": "Div", "namespace": "dash_html_components"}, {"props": {"children": "The average price across all EU member states is equivalent to 100.", "style": {"textAlign": "center"}}, "type": "Div", "namespace": "dash_html_components"}, {"props": {"children": [{"props": {"children": {"props": {"id": "value-selected", "options": [{"label": "Overall", "value": "overall"}, {"label": "Food", "value": "food"}, {"label": "Alcohol", "value": "alcohol"}, {"label": "Transport", "value": "transport"}, {"label": "Recreation", "value": "recreation"}, {"label": "Restaurants & Hotels", "value": "restaurant_hotel"}], "value": "overall", "style": {"textAlign": "center", "width": "auto"}, "className": "six columns", "labelStyle": {"display": "inline-block"}}, "type": "RadioItems", "namespace": "dash_core_components"}}, "type": "H6", "namespace": "dash_html_components"}], "className": "row", "style": {"display": "flex", "justifyContent": "center"}}, "type": "Div", "namespace": "dash_html_components"}, {"props": {"id": "my-graph", "style": {"width": 700, "margin-left": "auto", "margin-right": "auto"}}, "type": "Graph", "namespace": "dash_core_components"}], "className": "container"}, "type": "Div", "namespace": "dash_html_components"}